running egg_info
creating ../../build/robot_chassis/robot_chassis.egg-info
writing ../../build/robot_chassis/robot_chassis.egg-info/PKG-INFO
writing dependency_links to ../../build/robot_chassis/robot_chassis.egg-info/dependency_links.txt
writing entry points to ../../build/robot_chassis/robot_chassis.egg-info/entry_points.txt
writing requirements to ../../build/robot_chassis/robot_chassis.egg-info/requires.txt
writing top-level names to ../../build/robot_chassis/robot_chassis.egg-info/top_level.txt
writing manifest file '../../build/robot_chassis/robot_chassis.egg-info/SOURCES.txt'
reading manifest file '../../build/robot_chassis/robot_chassis.egg-info/SOURCES.txt'
writing manifest file '../../build/robot_chassis/robot_chassis.egg-info/SOURCES.txt'
running build
running build_py
creating /home/sunrise/Robot/ros2_car/build/robot_chassis/build/lib/robot_chassis
copying robot_chassis/__init__.py -> /home/sunrise/Robot/ros2_car/build/robot_chassis/build/lib/robot_chassis
copying robot_chassis/chassis_driver.py -> /home/sunrise/Robot/ros2_car/build/robot_chassis/build/lib/robot_chassis
copying robot_chassis/usb_protocol.py -> /home/sunrise/Robot/ros2_car/build/robot_chassis/build/lib/robot_chassis
running install
running install_lib
creating /home/sunrise/Robot/ros2_car/install/robot_chassis/lib/python3.10/site-packages/robot_chassis
copying /home/sunrise/Robot/ros2_car/build/robot_chassis/build/lib/robot_chassis/__init__.py -> /home/sunrise/Robot/ros2_car/install/robot_chassis/lib/python3.10/site-packages/robot_chassis
copying /home/sunrise/Robot/ros2_car/build/robot_chassis/build/lib/robot_chassis/chassis_driver.py -> /home/sunrise/Robot/ros2_car/install/robot_chassis/lib/python3.10/site-packages/robot_chassis
copying /home/sunrise/Robot/ros2_car/build/robot_chassis/build/lib/robot_chassis/usb_protocol.py -> /home/sunrise/Robot/ros2_car/install/robot_chassis/lib/python3.10/site-packages/robot_chassis
byte-compiling /home/sunrise/Robot/ros2_car/install/robot_chassis/lib/python3.10/site-packages/robot_chassis/__init__.py to __init__.cpython-310.pyc
byte-compiling /home/sunrise/Robot/ros2_car/install/robot_chassis/lib/python3.10/site-packages/robot_chassis/chassis_driver.py to chassis_driver.cpython-310.pyc
byte-compiling /home/sunrise/Robot/ros2_car/install/robot_chassis/lib/python3.10/site-packages/robot_chassis/usb_protocol.py to usb_protocol.cpython-310.pyc
running install_data
creating /home/sunrise/Robot/ros2_car/install/robot_chassis/share/ament_index/resource_index/packages
copying resource/robot_chassis -> /home/sunrise/Robot/ros2_car/install/robot_chassis/share/ament_index/resource_index/packages
copying package.xml -> /home/sunrise/Robot/ros2_car/install/robot_chassis/share/robot_chassis
creating /home/sunrise/Robot/ros2_car/install/robot_chassis/share/robot_chassis/config
copying config/chassis_params.yaml -> /home/sunrise/Robot/ros2_car/install/robot_chassis/share/robot_chassis/config
running install_egg_info
Copying ../../build/robot_chassis/robot_chassis.egg-info to /home/sunrise/Robot/ros2_car/install/robot_chassis/lib/python3.10/site-packages/robot_chassis-0.1.0-py3.10.egg-info
running install_scripts
Installing chassis_driver script to /home/sunrise/Robot/ros2_car/install/robot_chassis/lib/robot_chassis
writing list of installed files to '/home/sunrise/Robot/ros2_car/build/robot_chassis/install.log'
