/home/sunrise/Robot/ros2_car/install/robot_bringup/lib/python3.10/site-packages/robot_bringup/scan_filter.py
/home/sunrise/Robot/ros2_car/install/robot_bringup/lib/python3.10/site-packages/robot_bringup/lidar_loc.py
/home/sunrise/Robot/ros2_car/install/robot_bringup/lib/python3.10/site-packages/robot_bringup/__init__.py
/home/sunrise/Robot/ros2_car/install/robot_bringup/lib/python3.10/site-packages/robot_bringup/odom_fusion.py
/home/sunrise/Robot/ros2_car/install/robot_bringup/lib/python3.10/site-packages/robot_bringup/odom_relay.py
/home/sunrise/Robot/ros2_car/install/robot_bringup/lib/python3.10/site-packages/robot_bringup/lidar_loc_core.py
/home/sunrise/Robot/ros2_car/install/robot_bringup/lib/python3.10/site-packages/robot_bringup/odom_to_tf.py
/home/sunrise/Robot/ros2_car/install/robot_bringup/lib/python3.10/site-packages/robot_bringup/scan_filter_core.py
/home/sunrise/Robot/ros2_car/install/robot_bringup/lib/python3.10/site-packages/robot_bringup/__pycache__/scan_filter.cpython-310.pyc
/home/sunrise/Robot/ros2_car/install/robot_bringup/lib/python3.10/site-packages/robot_bringup/__pycache__/lidar_loc.cpython-310.pyc
/home/sunrise/Robot/ros2_car/install/robot_bringup/lib/python3.10/site-packages/robot_bringup/__pycache__/__init__.cpython-310.pyc
/home/sunrise/Robot/ros2_car/install/robot_bringup/lib/python3.10/site-packages/robot_bringup/__pycache__/odom_fusion.cpython-310.pyc
/home/sunrise/Robot/ros2_car/install/robot_bringup/lib/python3.10/site-packages/robot_bringup/__pycache__/odom_relay.cpython-310.pyc
/home/sunrise/Robot/ros2_car/install/robot_bringup/lib/python3.10/site-packages/robot_bringup/__pycache__/lidar_loc_core.cpython-310.pyc
/home/sunrise/Robot/ros2_car/install/robot_bringup/lib/python3.10/site-packages/robot_bringup/__pycache__/odom_to_tf.cpython-310.pyc
/home/sunrise/Robot/ros2_car/install/robot_bringup/lib/python3.10/site-packages/robot_bringup/__pycache__/scan_filter_core.cpython-310.pyc
/home/sunrise/Robot/ros2_car/install/robot_bringup/share/ament_index/resource_index/packages/robot_bringup
/home/sunrise/Robot/ros2_car/install/robot_bringup/share/robot_bringup/package.xml
/home/sunrise/Robot/ros2_car/install/robot_bringup/share/robot_bringup/launch/navigation.launch.py
/home/sunrise/Robot/ros2_car/install/robot_bringup/share/robot_bringup/launch/robot_base.launch.py
/home/sunrise/Robot/ros2_car/install/robot_bringup/share/robot_bringup/launch/lidar.launch.py
/home/sunrise/Robot/ros2_car/install/robot_bringup/share/robot_bringup/launch/bringup.launch.py
/home/sunrise/Robot/ros2_car/install/robot_bringup/share/robot_bringup/launch/scan_filter.launch.py
/home/sunrise/Robot/ros2_car/install/robot_bringup/share/robot_bringup/launch/lidar_loc.launch.py
/home/sunrise/Robot/ros2_car/install/robot_bringup/share/robot_bringup/launch/odom.launch.py
/home/sunrise/Robot/ros2_car/install/robot_bringup/share/robot_bringup/launch/slam.launch.py
/home/sunrise/Robot/ros2_car/install/robot_bringup/share/robot_bringup/config/nav2_params.yaml
/home/sunrise/Robot/ros2_car/install/robot_bringup/share/robot_bringup/config/lidar_tmini_plus.yaml
/home/sunrise/Robot/ros2_car/install/robot_bringup/share/robot_bringup/config/scan_filter.yaml
/home/sunrise/Robot/ros2_car/install/robot_bringup/share/robot_bringup/config/ekf_params.yaml
/home/sunrise/Robot/ros2_car/install/robot_bringup/share/robot_bringup/config/lidar_loc.yaml
/home/sunrise/Robot/ros2_car/install/robot_bringup/share/robot_bringup/config/slam_toolbox_params.yaml
/home/sunrise/Robot/ros2_car/install/robot_bringup/share/robot_bringup/urdf/car.urdf
/home/sunrise/Robot/ros2_car/install/robot_bringup/share/robot_bringup/rviz/mapping.rviz
/home/sunrise/Robot/ros2_car/install/robot_bringup/share/robot_bringup/rviz/navigation.rviz
/home/sunrise/Robot/ros2_car/install/robot_bringup/share/robot_bringup/maps/README.md
/home/sunrise/Robot/ros2_car/install/robot_bringup/lib/python3.10/site-packages/robot_bringup-0.1.0-py3.10.egg-info/top_level.txt
/home/sunrise/Robot/ros2_car/install/robot_bringup/lib/python3.10/site-packages/robot_bringup-0.1.0-py3.10.egg-info/requires.txt
/home/sunrise/Robot/ros2_car/install/robot_bringup/lib/python3.10/site-packages/robot_bringup-0.1.0-py3.10.egg-info/zip-safe
/home/sunrise/Robot/ros2_car/install/robot_bringup/lib/python3.10/site-packages/robot_bringup-0.1.0-py3.10.egg-info/dependency_links.txt
/home/sunrise/Robot/ros2_car/install/robot_bringup/lib/python3.10/site-packages/robot_bringup-0.1.0-py3.10.egg-info/PKG-INFO
/home/sunrise/Robot/ros2_car/install/robot_bringup/lib/python3.10/site-packages/robot_bringup-0.1.0-py3.10.egg-info/entry_points.txt
/home/sunrise/Robot/ros2_car/install/robot_bringup/lib/python3.10/site-packages/robot_bringup-0.1.0-py3.10.egg-info/SOURCES.txt
/home/sunrise/Robot/ros2_car/install/robot_bringup/lib/robot_bringup/lidar_loc
/home/sunrise/Robot/ros2_car/install/robot_bringup/lib/robot_bringup/odom_relay
/home/sunrise/Robot/ros2_car/install/robot_bringup/lib/robot_bringup/odom_to_tf
/home/sunrise/Robot/ros2_car/install/robot_bringup/lib/robot_bringup/scan_filter
