running egg_info
creating ../../build/robot_navigation/robot_navigation.egg-info
writing ../../build/robot_navigation/robot_navigation.egg-info/PKG-INFO
writing dependency_links to ../../build/robot_navigation/robot_navigation.egg-info/dependency_links.txt
writing entry points to ../../build/robot_navigation/robot_navigation.egg-info/entry_points.txt
writing requirements to ../../build/robot_navigation/robot_navigation.egg-info/requires.txt
writing top-level names to ../../build/robot_navigation/robot_navigation.egg-info/top_level.txt
writing manifest file '../../build/robot_navigation/robot_navigation.egg-info/SOURCES.txt'
reading manifest file '../../build/robot_navigation/robot_navigation.egg-info/SOURCES.txt'
writing manifest file '../../build/robot_navigation/robot_navigation.egg-info/SOURCES.txt'
running build
running build_py
creating /home/sunrise/Robot/ros2_car/build/robot_navigation/build/lib/robot_navigation
copying robot_navigation/navigate_to_pose.py -> /home/sunrise/Robot/ros2_car/build/robot_navigation/build/lib/robot_navigation
copying robot_navigation/__init__.py -> /home/sunrise/Robot/ros2_car/build/robot_navigation/build/lib/robot_navigation
copying robot_navigation/cmd_stop.py -> /home/sunrise/Robot/ros2_car/build/robot_navigation/build/lib/robot_navigation
running install
running install_lib
creating /home/sunrise/Robot/ros2_car/install/robot_navigation/lib/python3.10/site-packages/robot_navigation
copying /home/sunrise/Robot/ros2_car/build/robot_navigation/build/lib/robot_navigation/navigate_to_pose.py -> /home/sunrise/Robot/ros2_car/install/robot_navigation/lib/python3.10/site-packages/robot_navigation
copying /home/sunrise/Robot/ros2_car/build/robot_navigation/build/lib/robot_navigation/__init__.py -> /home/sunrise/Robot/ros2_car/install/robot_navigation/lib/python3.10/site-packages/robot_navigation
copying /home/sunrise/Robot/ros2_car/build/robot_navigation/build/lib/robot_navigation/cmd_stop.py -> /home/sunrise/Robot/ros2_car/install/robot_navigation/lib/python3.10/site-packages/robot_navigation
byte-compiling /home/sunrise/Robot/ros2_car/install/robot_navigation/lib/python3.10/site-packages/robot_navigation/navigate_to_pose.py to navigate_to_pose.cpython-310.pyc
byte-compiling /home/sunrise/Robot/ros2_car/install/robot_navigation/lib/python3.10/site-packages/robot_navigation/__init__.py to __init__.cpython-310.pyc
byte-compiling /home/sunrise/Robot/ros2_car/install/robot_navigation/lib/python3.10/site-packages/robot_navigation/cmd_stop.py to cmd_stop.cpython-310.pyc
running install_data
creating /home/sunrise/Robot/ros2_car/install/robot_navigation/share/ament_index/resource_index/packages
copying resource/robot_navigation -> /home/sunrise/Robot/ros2_car/install/robot_navigation/share/ament_index/resource_index/packages
copying package.xml -> /home/sunrise/Robot/ros2_car/install/robot_navigation/share/robot_navigation
running install_egg_info
Copying ../../build/robot_navigation/robot_navigation.egg-info to /home/sunrise/Robot/ros2_car/install/robot_navigation/lib/python3.10/site-packages/robot_navigation-0.1.0-py3.10.egg-info
running install_scripts
Installing cmd_stop script to /home/sunrise/Robot/ros2_car/install/robot_navigation/lib/robot_navigation
Installing navigate_to_pose script to /home/sunrise/Robot/ros2_car/install/robot_navigation/lib/robot_navigation
writing list of installed files to '/home/sunrise/Robot/ros2_car/build/robot_navigation/install.log'
