[8.326s] Invoking command in '/home/sunrise/Robot/ros2_car/src/robot_navigation': PYTHONPATH=/home/sunrise/Robot/ros2_car/build/robot_navigation/prefix_override:/usr/lib/python3/dist-packages/colcon_core/task/python/colcon_distutils_commands:/home/sunrise/Robot/ros2_car/install/robot_navigation/lib/python3.10/site-packages:${PYTHONPATH} /usr/bin/python3 -W ignore:setup.py install is deprecated -W ignore:easy_install command is deprecated setup.py egg_info --egg-base ../../build/robot_navigation build --build-base /home/sunrise/Robot/ros2_car/build/robot_navigation/build install --record /home/sunrise/Robot/ros2_car/build/robot_navigation/install.log --install-scripts $base/lib/robot_navigation --single-version-externally-managed install_data
[9.975s] running egg_info
[10.074s] creating ../../build/robot_navigation/robot_navigation.egg-info
[10.074s] writing ../../build/robot_navigation/robot_navigation.egg-info/PKG-INFO
[10.077s] writing dependency_links to ../../build/robot_navigation/robot_navigation.egg-info/dependency_links.txt
[10.078s] writing entry points to ../../build/robot_navigation/robot_navigation.egg-info/entry_points.txt
[10.079s] writing requirements to ../../build/robot_navigation/robot_navigation.egg-info/requires.txt
[10.080s] writing top-level names to ../../build/robot_navigation/robot_navigation.egg-info/top_level.txt
[10.081s] writing manifest file '../../build/robot_navigation/robot_navigation.egg-info/SOURCES.txt'
[10.286s] reading manifest file '../../build/robot_navigation/robot_navigation.egg-info/SOURCES.txt'
[10.293s] writing manifest file '../../build/robot_navigation/robot_navigation.egg-info/SOURCES.txt'
[10.294s] running build
[10.294s] running build_py
[10.295s] creating /home/sunrise/Robot/ros2_car/build/robot_navigation/build/lib/robot_navigation
[10.296s] copying robot_navigation/navigate_to_pose.py -> /home/sunrise/Robot/ros2_car/build/robot_navigation/build/lib/robot_navigation
[10.297s] copying robot_navigation/__init__.py -> /home/sunrise/Robot/ros2_car/build/robot_navigation/build/lib/robot_navigation
[10.298s] copying robot_navigation/cmd_stop.py -> /home/sunrise/Robot/ros2_car/build/robot_navigation/build/lib/robot_navigation
[10.301s] running install
[10.331s] running install_lib
[10.434s] creating /home/sunrise/Robot/ros2_car/install/robot_navigation/lib/python3.10/site-packages/robot_navigation
[10.435s] copying /home/sunrise/Robot/ros2_car/build/robot_navigation/build/lib/robot_navigation/navigate_to_pose.py -> /home/sunrise/Robot/ros2_car/install/robot_navigation/lib/python3.10/site-packages/robot_navigation
[10.435s] copying /home/sunrise/Robot/ros2_car/build/robot_navigation/build/lib/robot_navigation/__init__.py -> /home/sunrise/Robot/ros2_car/install/robot_navigation/lib/python3.10/site-packages/robot_navigation
[10.453s] copying /home/sunrise/Robot/ros2_car/build/robot_navigation/build/lib/robot_navigation/cmd_stop.py -> /home/sunrise/Robot/ros2_car/install/robot_navigation/lib/python3.10/site-packages/robot_navigation
[10.454s] byte-compiling /home/sunrise/Robot/ros2_car/install/robot_navigation/lib/python3.10/site-packages/robot_navigation/navigate_to_pose.py to navigate_to_pose.cpython-310.pyc
[10.455s] byte-compiling /home/sunrise/Robot/ros2_car/install/robot_navigation/lib/python3.10/site-packages/robot_navigation/__init__.py to __init__.cpython-310.pyc
[10.455s] byte-compiling /home/sunrise/Robot/ros2_car/install/robot_navigation/lib/python3.10/site-packages/robot_navigation/cmd_stop.py to cmd_stop.cpython-310.pyc
[10.456s] running install_data
[10.457s] creating /home/sunrise/Robot/ros2_car/install/robot_navigation/share/ament_index/resource_index/packages
[10.457s] copying resource/robot_navigation -> /home/sunrise/Robot/ros2_car/install/robot_navigation/share/ament_index/resource_index/packages
[10.458s] copying package.xml -> /home/sunrise/Robot/ros2_car/install/robot_navigation/share/robot_navigation
[10.458s] running install_egg_info
[10.572s] Copying ../../build/robot_navigation/robot_navigation.egg-info to /home/sunrise/Robot/ros2_car/install/robot_navigation/lib/python3.10/site-packages/robot_navigation-0.1.0-py3.10.egg-info
[10.578s] running install_scripts
[10.803s] Installing cmd_stop script to /home/sunrise/Robot/ros2_car/install/robot_navigation/lib/robot_navigation
[10.804s] Installing navigate_to_pose script to /home/sunrise/Robot/ros2_car/install/robot_navigation/lib/robot_navigation
[10.808s] writing list of installed files to '/home/sunrise/Robot/ros2_car/build/robot_navigation/install.log'
[11.078s] Invoked command in '/home/sunrise/Robot/ros2_car/src/robot_navigation' returned '0': PYTHONPATH=/home/sunrise/Robot/ros2_car/build/robot_navigation/prefix_override:/usr/lib/python3/dist-packages/colcon_core/task/python/colcon_distutils_commands:/home/sunrise/Robot/ros2_car/install/robot_navigation/lib/python3.10/site-packages:${PYTHONPATH} /usr/bin/python3 -W ignore:setup.py install is deprecated -W ignore:easy_install command is deprecated setup.py egg_info --egg-base ../../build/robot_navigation build --build-base /home/sunrise/Robot/ros2_car/build/robot_navigation/build install --record /home/sunrise/Robot/ros2_car/build/robot_navigation/install.log --install-scripts $base/lib/robot_navigation --single-version-externally-managed install_data
