running egg_info
creating ../../build/robot_bringup/robot_bringup.egg-info
writing ../../build/robot_bringup/robot_bringup.egg-info/PKG-INFO
writing dependency_links to ../../build/robot_bringup/robot_bringup.egg-info/dependency_links.txt
writing requirements to ../../build/robot_bringup/robot_bringup.egg-info/requires.txt
writing top-level names to ../../build/robot_bringup/robot_bringup.egg-info/top_level.txt
writing manifest file '../../build/robot_bringup/robot_bringup.egg-info/SOURCES.txt'
reading manifest file '../../build/robot_bringup/robot_bringup.egg-info/SOURCES.txt'
writing manifest file '../../build/robot_bringup/robot_bringup.egg-info/SOURCES.txt'
running build
running build_py
creating /home/sunrise/Robot/ros2_car/build/robot_bringup/build/lib/robot_bringup
copying robot_bringup/__init__.py -> /home/sunrise/Robot/ros2_car/build/robot_bringup/build/lib/robot_bringup
running install
running install_lib
creating /home/sunrise/Robot/ros2_car/install/robot_bringup/lib/python3.10/site-packages/robot_bringup
copying /home/sunrise/Robot/ros2_car/build/robot_bringup/build/lib/robot_bringup/__init__.py -> /home/sunrise/Robot/ros2_car/install/robot_bringup/lib/python3.10/site-packages/robot_bringup
byte-compiling /home/sunrise/Robot/ros2_car/install/robot_bringup/lib/python3.10/site-packages/robot_bringup/__init__.py to __init__.cpython-310.pyc
running install_data
creating /home/sunrise/Robot/ros2_car/install/robot_bringup/share/ament_index/resource_index/packages
copying resource/robot_bringup -> /home/sunrise/Robot/ros2_car/install/robot_bringup/share/ament_index/resource_index/packages
copying package.xml -> /home/sunrise/Robot/ros2_car/install/robot_bringup/share/robot_bringup
creating /home/sunrise/Robot/ros2_car/install/robot_bringup/share/robot_bringup/launch
copying launch/navigation.launch.py -> /home/sunrise/Robot/ros2_car/install/robot_bringup/share/robot_bringup/launch
copying launch/lidar.launch.py -> /home/sunrise/Robot/ros2_car/install/robot_bringup/share/robot_bringup/launch
copying launch/bringup.launch.py -> /home/sunrise/Robot/ros2_car/install/robot_bringup/share/robot_bringup/launch
copying launch/odom.launch.py -> /home/sunrise/Robot/ros2_car/install/robot_bringup/share/robot_bringup/launch
copying launch/slam.launch.py -> /home/sunrise/Robot/ros2_car/install/robot_bringup/share/robot_bringup/launch
creating /home/sunrise/Robot/ros2_car/install/robot_bringup/share/robot_bringup/config
copying config/nav2_params.yaml -> /home/sunrise/Robot/ros2_car/install/robot_bringup/share/robot_bringup/config
copying config/lidar_tmini_plus.yaml -> /home/sunrise/Robot/ros2_car/install/robot_bringup/share/robot_bringup/config
copying config/ekf_params.yaml -> /home/sunrise/Robot/ros2_car/install/robot_bringup/share/robot_bringup/config
copying config/slam_toolbox_params.yaml -> /home/sunrise/Robot/ros2_car/install/robot_bringup/share/robot_bringup/config
creating /home/sunrise/Robot/ros2_car/install/robot_bringup/share/robot_bringup/urdf
copying urdf/car.urdf -> /home/sunrise/Robot/ros2_car/install/robot_bringup/share/robot_bringup/urdf
creating /home/sunrise/Robot/ros2_car/install/robot_bringup/share/robot_bringup/rviz
copying rviz/mapping.rviz -> /home/sunrise/Robot/ros2_car/install/robot_bringup/share/robot_bringup/rviz
copying rviz/navigation.rviz -> /home/sunrise/Robot/ros2_car/install/robot_bringup/share/robot_bringup/rviz
creating /home/sunrise/Robot/ros2_car/install/robot_bringup/share/robot_bringup/maps
copying maps/README.md -> /home/sunrise/Robot/ros2_car/install/robot_bringup/share/robot_bringup/maps
running install_egg_info
Copying ../../build/robot_bringup/robot_bringup.egg-info to /home/sunrise/Robot/ros2_car/install/robot_bringup/lib/python3.10/site-packages/robot_bringup-0.1.0-py3.10.egg-info
running install_scripts
writing list of installed files to '/home/sunrise/Robot/ros2_car/build/robot_bringup/install.log'
