[6.232s] Invoking command in '/home/sunrise/Robot/ros2_car/src/robot_bringup': AMENT_PREFIX_PATH=/home/sunrise/Robot/ros2_car/install/robot_navigation:/home/sunrise/Robot/ros2_car/install/robot_chassis:${AMENT_PREFIX_PATH} PYTHONPATH=/home/sunrise/Robot/ros2_car/build/robot_bringup/prefix_override:/usr/lib/python3/dist-packages/colcon_core/task/python/colcon_distutils_commands:/home/sunrise/Robot/ros2_car/install/robot_bringup/lib/python3.10/site-packages:${PYTHONPATH} /usr/bin/python3 -W ignore:setup.py install is deprecated -W ignore:easy_install command is deprecated setup.py egg_info --egg-base ../../build/robot_bringup build --build-base /home/sunrise/Robot/ros2_car/build/robot_bringup/build install --record /home/sunrise/Robot/ros2_car/build/robot_bringup/install.log --install-scripts $base/lib/robot_bringup --single-version-externally-managed install_data
[7.733s] running egg_info
[7.827s] creating ../../build/robot_bringup/robot_bringup.egg-info
[7.828s] writing ../../build/robot_bringup/robot_bringup.egg-info/PKG-INFO
[7.830s] writing dependency_links to ../../build/robot_bringup/robot_bringup.egg-info/dependency_links.txt
[7.831s] writing requirements to ../../build/robot_bringup/robot_bringup.egg-info/requires.txt
[7.832s] writing top-level names to ../../build/robot_bringup/robot_bringup.egg-info/top_level.txt
[7.832s] writing manifest file '../../build/robot_bringup/robot_bringup.egg-info/SOURCES.txt'
[8.032s] reading manifest file '../../build/robot_bringup/robot_bringup.egg-info/SOURCES.txt'
[8.038s] writing manifest file '../../build/robot_bringup/robot_bringup.egg-info/SOURCES.txt'
[8.039s] running build
[8.040s] running build_py
[8.040s] creating /home/sunrise/Robot/ros2_car/build/robot_bringup/build/lib/robot_bringup
[8.041s] copying robot_bringup/__init__.py -> /home/sunrise/Robot/ros2_car/build/robot_bringup/build/lib/robot_bringup
[8.043s] running install
[8.072s] running install_lib
[8.168s] creating /home/sunrise/Robot/ros2_car/install/robot_bringup/lib/python3.10/site-packages/robot_bringup
[8.169s] copying /home/sunrise/Robot/ros2_car/build/robot_bringup/build/lib/robot_bringup/__init__.py -> /home/sunrise/Robot/ros2_car/install/robot_bringup/lib/python3.10/site-packages/robot_bringup
[8.172s] byte-compiling /home/sunrise/Robot/ros2_car/install/robot_bringup/lib/python3.10/site-packages/robot_bringup/__init__.py to __init__.cpython-310.pyc
[8.173s] running install_data
[8.174s] creating /home/sunrise/Robot/ros2_car/install/robot_bringup/share/ament_index/resource_index/packages
[8.175s] copying resource/robot_bringup -> /home/sunrise/Robot/ros2_car/install/robot_bringup/share/ament_index/resource_index/packages
[8.176s] copying package.xml -> /home/sunrise/Robot/ros2_car/install/robot_bringup/share/robot_bringup
[8.177s] creating /home/sunrise/Robot/ros2_car/install/robot_bringup/share/robot_bringup/launch
[8.178s] copying launch/navigation.launch.py -> /home/sunrise/Robot/ros2_car/install/robot_bringup/share/robot_bringup/launch
[8.178s] copying launch/lidar.launch.py -> /home/sunrise/Robot/ros2_car/install/robot_bringup/share/robot_bringup/launch
[8.179s] copying launch/bringup.launch.py -> /home/sunrise/Robot/ros2_car/install/robot_bringup/share/robot_bringup/launch
[8.180s] copying launch/odom.launch.py -> /home/sunrise/Robot/ros2_car/install/robot_bringup/share/robot_bringup/launch
[8.180s] copying launch/slam.launch.py -> /home/sunrise/Robot/ros2_car/install/robot_bringup/share/robot_bringup/launch
[8.181s] creating /home/sunrise/Robot/ros2_car/install/robot_bringup/share/robot_bringup/config
[8.182s] copying config/nav2_params.yaml -> /home/sunrise/Robot/ros2_car/install/robot_bringup/share/robot_bringup/config
[8.182s] copying config/lidar_tmini_plus.yaml -> /home/sunrise/Robot/ros2_car/install/robot_bringup/share/robot_bringup/config
[8.183s] copying config/ekf_params.yaml -> /home/sunrise/Robot/ros2_car/install/robot_bringup/share/robot_bringup/config
[8.184s] copying config/slam_toolbox_params.yaml -> /home/sunrise/Robot/ros2_car/install/robot_bringup/share/robot_bringup/config
[8.185s] creating /home/sunrise/Robot/ros2_car/install/robot_bringup/share/robot_bringup/urdf
[8.185s] copying urdf/car.urdf -> /home/sunrise/Robot/ros2_car/install/robot_bringup/share/robot_bringup/urdf
[8.186s] creating /home/sunrise/Robot/ros2_car/install/robot_bringup/share/robot_bringup/rviz
[8.187s] copying rviz/mapping.rviz -> /home/sunrise/Robot/ros2_car/install/robot_bringup/share/robot_bringup/rviz
[8.187s] copying rviz/navigation.rviz -> /home/sunrise/Robot/ros2_car/install/robot_bringup/share/robot_bringup/rviz
[8.188s] creating /home/sunrise/Robot/ros2_car/install/robot_bringup/share/robot_bringup/maps
[8.189s] copying maps/README.md -> /home/sunrise/Robot/ros2_car/install/robot_bringup/share/robot_bringup/maps
[8.189s] running install_egg_info
[8.293s] Copying ../../build/robot_bringup/robot_bringup.egg-info to /home/sunrise/Robot/ros2_car/install/robot_bringup/lib/python3.10/site-packages/robot_bringup-0.1.0-py3.10.egg-info
[8.297s] running install_scripts
[8.495s] writing list of installed files to '/home/sunrise/Robot/ros2_car/build/robot_bringup/install.log'
[8.716s] Invoked command in '/home/sunrise/Robot/ros2_car/src/robot_bringup' returned '0': AMENT_PREFIX_PATH=/home/sunrise/Robot/ros2_car/install/robot_navigation:/home/sunrise/Robot/ros2_car/install/robot_chassis:${AMENT_PREFIX_PATH} PYTHONPATH=/home/sunrise/Robot/ros2_car/build/robot_bringup/prefix_override:/usr/lib/python3/dist-packages/colcon_core/task/python/colcon_distutils_commands:/home/sunrise/Robot/ros2_car/install/robot_bringup/lib/python3.10/site-packages:${PYTHONPATH} /usr/bin/python3 -W ignore:setup.py install is deprecated -W ignore:easy_install command is deprecated setup.py egg_info --egg-base ../../build/robot_bringup build --build-base /home/sunrise/Robot/ros2_car/build/robot_bringup/build install --record /home/sunrise/Robot/ros2_car/build/robot_bringup/install.log --install-scripts $base/lib/robot_bringup --single-version-externally-managed install_data
