[0.890s] DEBUG:colcon:Command line arguments: ['/usr/bin/colcon', 'build', '--symlink-install']
[0.891s] DEBUG:colcon:Parsed command line arguments: Namespace(log_base=None, log_level=None, verb_name='build', build_base='build', install_base='install', merge_install=False, symlink_install=True, test_result_base=None, continue_on_error=False, executor='parallel', parallel_workers=8, event_handlers=None, ignore_user_meta=False, metas=['./colcon.meta'], base_paths=['.'], packages_ignore=None, packages_ignore_regex=None, paths=None, packages_up_to=None, packages_up_to_regex=None, packages_above=None, packages_above_and_dependencies=None, packages_above_depth=None, packages_select_by_dep=None, packages_skip_by_dep=None, packages_skip_up_to=None, packages_select_build_failed=False, packages_skip_build_finished=False, packages_select_test_failures=False, packages_skip_test_passed=False, packages_select=None, packages_skip=None, packages_select_regex=None, packages_skip_regex=None, packages_start=None, packages_end=None, allow_overriding=[], cmake_args=None, cmake_target=None, cmake_target_skip_unavailable=False, cmake_clean_cache=False, cmake_clean_first=False, cmake_force_configure=False, ament_cmake_args=None, catkin_cmake_args=None, catkin_skip_building_tests=False, verb_parser=<colcon_defaults.argument_parser.defaults.DefaultArgumentsDecorator object at 0xffff8d0a9570>, verb_extension=<colcon_core.verb.build.BuildVerb object at 0xffff8d0a90f0>, main=<bound method BuildVerb.main of <colcon_core.verb.build.BuildVerb object at 0xffff8d0a90f0>>)
[1.201s] Level 1:colcon.colcon_core.package_discovery:discover_packages(colcon_meta) check parameters
[1.201s] Level 1:colcon.colcon_core.package_discovery:discover_packages(recursive) check parameters
[1.202s] Level 1:colcon.colcon_core.package_discovery:discover_packages(ignore) check parameters
[1.202s] Level 1:colcon.colcon_core.package_discovery:discover_packages(path) check parameters
[1.202s] Level 1:colcon.colcon_core.package_discovery:discover_packages(colcon_meta) discover
[1.202s] Level 1:colcon.colcon_core.package_discovery:discover_packages(recursive) discover
[1.203s] INFO:colcon.colcon_core.package_discovery:Crawling recursively for packages in '/home/sunrise/Robot/ros2_car'
[1.203s] Level 1:colcon.colcon_core.package_identification:_identify(.) by extensions ['ignore', 'ignore_ament_install']
[1.204s] Level 1:colcon.colcon_core.package_identification:_identify(.) by extension 'ignore'
[1.204s] Level 1:colcon.colcon_core.package_identification:_identify(.) by extension 'ignore_ament_install'
[1.204s] Level 1:colcon.colcon_core.package_identification:_identify(.) by extensions ['colcon_pkg']
[1.204s] Level 1:colcon.colcon_core.package_identification:_identify(.) by extension 'colcon_pkg'
[1.205s] Level 1:colcon.colcon_core.package_identification:_identify(.) by extensions ['colcon_meta']
[1.205s] Level 1:colcon.colcon_core.package_identification:_identify(.) by extension 'colcon_meta'
[1.205s] Level 1:colcon.colcon_core.package_identification:_identify(.) by extensions ['ros']
[1.205s] Level 1:colcon.colcon_core.package_identification:_identify(.) by extension 'ros'
[1.312s] Level 1:colcon.colcon_core.package_identification:_identify(.) by extensions ['cmake', 'python']
[1.312s] Level 1:colcon.colcon_core.package_identification:_identify(.) by extension 'cmake'
[1.313s] Level 1:colcon.colcon_core.package_identification:_identify(.) by extension 'python'
[1.313s] Level 1:colcon.colcon_core.package_identification:_identify(.) by extensions ['python_setup_py']
[1.313s] Level 1:colcon.colcon_core.package_identification:_identify(.) by extension 'python_setup_py'
[1.314s] Level 1:colcon.colcon_core.package_identification:_identify(build) by extensions ['ignore', 'ignore_ament_install']
[1.315s] Level 1:colcon.colcon_core.package_identification:_identify(build) by extension 'ignore'
[1.315s] Level 1:colcon.colcon_core.package_identification:_identify(build) ignored
[1.316s] Level 1:colcon.colcon_core.package_identification:_identify(install) by extensions ['ignore', 'ignore_ament_install']
[1.317s] Level 1:colcon.colcon_core.package_identification:_identify(install) by extension 'ignore'
[1.318s] Level 1:colcon.colcon_core.package_identification:_identify(install) ignored
[1.319s] Level 1:colcon.colcon_core.package_identification:_identify(log) by extensions ['ignore', 'ignore_ament_install']
[1.319s] Level 1:colcon.colcon_core.package_identification:_identify(log) by extension 'ignore'
[1.320s] Level 1:colcon.colcon_core.package_identification:_identify(log) ignored
[1.320s] Level 1:colcon.colcon_core.package_identification:_identify(src) by extensions ['ignore', 'ignore_ament_install']
[1.321s] Level 1:colcon.colcon_core.package_identification:_identify(src) by extension 'ignore'
[1.321s] Level 1:colcon.colcon_core.package_identification:_identify(src) by extension 'ignore_ament_install'
[1.322s] Level 1:colcon.colcon_core.package_identification:_identify(src) by extensions ['colcon_pkg']
[1.322s] Level 1:colcon.colcon_core.package_identification:_identify(src) by extension 'colcon_pkg'
[1.322s] Level 1:colcon.colcon_core.package_identification:_identify(src) by extensions ['colcon_meta']
[1.322s] Level 1:colcon.colcon_core.package_identification:_identify(src) by extension 'colcon_meta'
[1.323s] Level 1:colcon.colcon_core.package_identification:_identify(src) by extensions ['ros']
[1.323s] Level 1:colcon.colcon_core.package_identification:_identify(src) by extension 'ros'
[1.324s] Level 1:colcon.colcon_core.package_identification:_identify(src) by extensions ['cmake', 'python']
[1.324s] Level 1:colcon.colcon_core.package_identification:_identify(src) by extension 'cmake'
[1.324s] Level 1:colcon.colcon_core.package_identification:_identify(src) by extension 'python'
[1.324s] Level 1:colcon.colcon_core.package_identification:_identify(src) by extensions ['python_setup_py']
[1.324s] Level 1:colcon.colcon_core.package_identification:_identify(src) by extension 'python_setup_py'
[1.325s] Level 1:colcon.colcon_core.package_identification:_identify(src/robot_bringup) by extensions ['ignore', 'ignore_ament_install']
[1.326s] Level 1:colcon.colcon_core.package_identification:_identify(src/robot_bringup) by extension 'ignore'
[1.326s] Level 1:colcon.colcon_core.package_identification:_identify(src/robot_bringup) by extension 'ignore_ament_install'
[1.327s] Level 1:colcon.colcon_core.package_identification:_identify(src/robot_bringup) by extensions ['colcon_pkg']
[1.327s] Level 1:colcon.colcon_core.package_identification:_identify(src/robot_bringup) by extension 'colcon_pkg'
[1.327s] Level 1:colcon.colcon_core.package_identification:_identify(src/robot_bringup) by extensions ['colcon_meta']
[1.328s] Level 1:colcon.colcon_core.package_identification:_identify(src/robot_bringup) by extension 'colcon_meta'
[1.328s] Level 1:colcon.colcon_core.package_identification:_identify(src/robot_bringup) by extensions ['ros']
[1.328s] Level 1:colcon.colcon_core.package_identification:_identify(src/robot_bringup) by extension 'ros'
[1.344s] DEBUG:colcon.colcon_core.package_identification:Package 'src/robot_bringup' with type 'ros.ament_python' and name 'robot_bringup'
[1.345s] Level 1:colcon.colcon_core.package_identification:_identify(src/robot_chassis) by extensions ['ignore', 'ignore_ament_install']
[1.346s] Level 1:colcon.colcon_core.package_identification:_identify(src/robot_chassis) by extension 'ignore'
[1.346s] Level 1:colcon.colcon_core.package_identification:_identify(src/robot_chassis) by extension 'ignore_ament_install'
[1.346s] Level 1:colcon.colcon_core.package_identification:_identify(src/robot_chassis) by extensions ['colcon_pkg']
[1.347s] Level 1:colcon.colcon_core.package_identification:_identify(src/robot_chassis) by extension 'colcon_pkg'
[1.347s] Level 1:colcon.colcon_core.package_identification:_identify(src/robot_chassis) by extensions ['colcon_meta']
[1.347s] Level 1:colcon.colcon_core.package_identification:_identify(src/robot_chassis) by extension 'colcon_meta'
[1.348s] Level 1:colcon.colcon_core.package_identification:_identify(src/robot_chassis) by extensions ['ros']
[1.348s] Level 1:colcon.colcon_core.package_identification:_identify(src/robot_chassis) by extension 'ros'
[1.355s] DEBUG:colcon.colcon_core.package_identification:Package 'src/robot_chassis' with type 'ros.ament_python' and name 'robot_chassis'
[1.356s] Level 1:colcon.colcon_core.package_identification:_identify(src/robot_navigation) by extensions ['ignore', 'ignore_ament_install']
[1.357s] Level 1:colcon.colcon_core.package_identification:_identify(src/robot_navigation) by extension 'ignore'
[1.357s] Level 1:colcon.colcon_core.package_identification:_identify(src/robot_navigation) by extension 'ignore_ament_install'
[1.358s] Level 1:colcon.colcon_core.package_identification:_identify(src/robot_navigation) by extensions ['colcon_pkg']
[1.358s] Level 1:colcon.colcon_core.package_identification:_identify(src/robot_navigation) by extension 'colcon_pkg'
[1.358s] Level 1:colcon.colcon_core.package_identification:_identify(src/robot_navigation) by extensions ['colcon_meta']
[1.359s] Level 1:colcon.colcon_core.package_identification:_identify(src/robot_navigation) by extension 'colcon_meta'
[1.359s] Level 1:colcon.colcon_core.package_identification:_identify(src/robot_navigation) by extensions ['ros']
[1.359s] Level 1:colcon.colcon_core.package_identification:_identify(src/robot_navigation) by extension 'ros'
[1.365s] DEBUG:colcon.colcon_core.package_identification:Package 'src/robot_navigation' with type 'ros.ament_python' and name 'robot_navigation'
[1.366s] Level 1:colcon.colcon_core.package_discovery:discover_packages(recursive) using defaults
[1.366s] Level 1:colcon.colcon_core.package_discovery:discover_packages(ignore) discover
[1.366s] Level 1:colcon.colcon_core.package_discovery:discover_packages(ignore) using defaults
[1.366s] Level 1:colcon.colcon_core.package_discovery:discover_packages(path) discover
[1.367s] Level 1:colcon.colcon_core.package_discovery:discover_packages(path) using defaults
[1.512s] Level 1:colcon.colcon_core.package_discovery:discover_packages(prefix_path) check parameters
[1.512s] Level 1:colcon.colcon_core.package_discovery:discover_packages(prefix_path) discover
[1.525s] DEBUG:colcon.colcon_installed_package_information.package_discovery:Found 0 installed packages in /home/sunrise/Robot/ros2_car/install
[1.529s] DEBUG:colcon.colcon_installed_package_information.package_discovery:Found 4 installed packages in /home/sunrise/ros2/yahboomcar_ws/install
[1.538s] DEBUG:colcon.colcon_installed_package_information.package_discovery:Found 320 installed packages in /opt/ros/humble
[1.552s] Level 1:colcon.colcon_core.package_discovery:discover_packages(prefix_path) using defaults
[1.912s] Level 5:colcon.colcon_core.verb:set package 'robot_chassis' build argument 'cmake_args' from command line to 'None'
[1.912s] Level 5:colcon.colcon_core.verb:set package 'robot_chassis' build argument 'cmake_target' from command line to 'None'
[1.913s] Level 5:colcon.colcon_core.verb:set package 'robot_chassis' build argument 'cmake_target_skip_unavailable' from command line to 'False'
[1.913s] Level 5:colcon.colcon_core.verb:set package 'robot_chassis' build argument 'cmake_clean_cache' from command line to 'False'
[1.913s] Level 5:colcon.colcon_core.verb:set package 'robot_chassis' build argument 'cmake_clean_first' from command line to 'False'
[1.913s] Level 5:colcon.colcon_core.verb:set package 'robot_chassis' build argument 'cmake_force_configure' from command line to 'False'
[1.914s] Level 5:colcon.colcon_core.verb:set package 'robot_chassis' build argument 'ament_cmake_args' from command line to 'None'
[1.914s] Level 5:colcon.colcon_core.verb:set package 'robot_chassis' build argument 'catkin_cmake_args' from command line to 'None'
[1.914s] Level 5:colcon.colcon_core.verb:set package 'robot_chassis' build argument 'catkin_skip_building_tests' from command line to 'False'
[1.914s] DEBUG:colcon.colcon_core.verb:Building package 'robot_chassis' with the following arguments: {'ament_cmake_args': None, 'build_base': '/home/sunrise/Robot/ros2_car/build/robot_chassis', 'catkin_cmake_args': None, 'catkin_skip_building_tests': False, 'cmake_args': None, 'cmake_clean_cache': False, 'cmake_clean_first': False, 'cmake_force_configure': False, 'cmake_target': None, 'cmake_target_skip_unavailable': False, 'install_base': '/home/sunrise/Robot/ros2_car/install/robot_chassis', 'merge_install': False, 'path': '/home/sunrise/Robot/ros2_car/src/robot_chassis', 'symlink_install': True, 'test_result_base': None}
[1.917s] Level 5:colcon.colcon_core.verb:set package 'robot_navigation' build argument 'cmake_args' from command line to 'None'
[1.918s] Level 5:colcon.colcon_core.verb:set package 'robot_navigation' build argument 'cmake_target' from command line to 'None'
[1.918s] Level 5:colcon.colcon_core.verb:set package 'robot_navigation' build argument 'cmake_target_skip_unavailable' from command line to 'False'
[1.918s] Level 5:colcon.colcon_core.verb:set package 'robot_navigation' build argument 'cmake_clean_cache' from command line to 'False'
[1.919s] Level 5:colcon.colcon_core.verb:set package 'robot_navigation' build argument 'cmake_clean_first' from command line to 'False'
[1.919s] Level 5:colcon.colcon_core.verb:set package 'robot_navigation' build argument 'cmake_force_configure' from command line to 'False'
[1.919s] Level 5:colcon.colcon_core.verb:set package 'robot_navigation' build argument 'ament_cmake_args' from command line to 'None'
[1.919s] Level 5:colcon.colcon_core.verb:set package 'robot_navigation' build argument 'catkin_cmake_args' from command line to 'None'
[1.919s] Level 5:colcon.colcon_core.verb:set package 'robot_navigation' build argument 'catkin_skip_building_tests' from command line to 'False'
[1.919s] DEBUG:colcon.colcon_core.verb:Building package 'robot_navigation' with the following arguments: {'ament_cmake_args': None, 'build_base': '/home/sunrise/Robot/ros2_car/build/robot_navigation', 'catkin_cmake_args': None, 'catkin_skip_building_tests': False, 'cmake_args': None, 'cmake_clean_cache': False, 'cmake_clean_first': False, 'cmake_force_configure': False, 'cmake_target': None, 'cmake_target_skip_unavailable': False, 'install_base': '/home/sunrise/Robot/ros2_car/install/robot_navigation', 'merge_install': False, 'path': '/home/sunrise/Robot/ros2_car/src/robot_navigation', 'symlink_install': True, 'test_result_base': None}
[1.923s] Level 5:colcon.colcon_core.verb:set package 'robot_bringup' build argument 'cmake_args' from command line to 'None'
[1.923s] Level 5:colcon.colcon_core.verb:set package 'robot_bringup' build argument 'cmake_target' from command line to 'None'
[1.923s] Level 5:colcon.colcon_core.verb:set package 'robot_bringup' build argument 'cmake_target_skip_unavailable' from command line to 'False'
[1.924s] Level 5:colcon.colcon_core.verb:set package 'robot_bringup' build argument 'cmake_clean_cache' from command line to 'False'
[1.924s] Level 5:colcon.colcon_core.verb:set package 'robot_bringup' build argument 'cmake_clean_first' from command line to 'False'
[1.924s] Level 5:colcon.colcon_core.verb:set package 'robot_bringup' build argument 'cmake_force_configure' from command line to 'False'
[1.924s] Level 5:colcon.colcon_core.verb:set package 'robot_bringup' build argument 'ament_cmake_args' from command line to 'None'
[1.924s] Level 5:colcon.colcon_core.verb:set package 'robot_bringup' build argument 'catkin_cmake_args' from command line to 'None'
[1.924s] Level 5:colcon.colcon_core.verb:set package 'robot_bringup' build argument 'catkin_skip_building_tests' from command line to 'False'
[1.925s] DEBUG:colcon.colcon_core.verb:Building package 'robot_bringup' with the following arguments: {'ament_cmake_args': None, 'build_base': '/home/sunrise/Robot/ros2_car/build/robot_bringup', 'catkin_cmake_args': None, 'catkin_skip_building_tests': False, 'cmake_args': None, 'cmake_clean_cache': False, 'cmake_clean_first': False, 'cmake_force_configure': False, 'cmake_target': None, 'cmake_target_skip_unavailable': False, 'install_base': '/home/sunrise/Robot/ros2_car/install/robot_bringup', 'merge_install': False, 'path': '/home/sunrise/Robot/ros2_car/src/robot_bringup', 'symlink_install': True, 'test_result_base': None}
[1.926s] INFO:colcon.colcon_core.executor:Executing jobs using 'parallel' executor
[1.933s] DEBUG:colcon.colcon_parallel_executor.executor.parallel:run_until_complete
[1.935s] INFO:colcon.colcon_ros.task.ament_python.build:Building ROS package in '/home/sunrise/Robot/ros2_car/src/robot_chassis' with build type 'ament_python'
[1.936s] Level 1:colcon.colcon_core.shell:create_environment_hook('robot_chassis', 'ament_prefix_path')
[1.948s] INFO:colcon.colcon_core.plugin_system:Skipping extension 'colcon_core.shell.bat': Not used on non-Windows systems
[1.950s] INFO:colcon.colcon_core.shell:Creating environment hook '/home/sunrise/Robot/ros2_car/install/robot_chassis/share/robot_chassis/hook/ament_prefix_path.ps1'
[1.954s] INFO:colcon.colcon_core.shell:Creating environment descriptor '/home/sunrise/Robot/ros2_car/install/robot_chassis/share/robot_chassis/hook/ament_prefix_path.dsv'
[1.958s] INFO:colcon.colcon_core.shell:Creating environment hook '/home/sunrise/Robot/ros2_car/install/robot_chassis/share/robot_chassis/hook/ament_prefix_path.sh'
[1.964s] INFO:colcon.colcon_core.shell:Skip shell extension 'powershell' for command environment: Not usable outside of PowerShell
[1.965s] DEBUG:colcon.colcon_core.shell:Skip shell extension 'dsv' for command environment
[1.992s] INFO:colcon.colcon_ros.task.ament_python.build:Building ROS package in '/home/sunrise/Robot/ros2_car/src/robot_navigation' with build type 'ament_python'
[1.993s] Level 1:colcon.colcon_core.shell:create_environment_hook('robot_navigation', 'ament_prefix_path')
[1.995s] INFO:colcon.colcon_core.shell:Creating environment hook '/home/sunrise/Robot/ros2_car/install/robot_navigation/share/robot_navigation/hook/ament_prefix_path.ps1'
[2.004s] INFO:colcon.colcon_core.shell:Creating environment descriptor '/home/sunrise/Robot/ros2_car/install/robot_navigation/share/robot_navigation/hook/ament_prefix_path.dsv'
[2.007s] INFO:colcon.colcon_core.shell:Creating environment hook '/home/sunrise/Robot/ros2_car/install/robot_navigation/share/robot_navigation/hook/ament_prefix_path.sh'
[2.011s] INFO:colcon.colcon_core.shell:Skip shell extension 'powershell' for command environment: Not usable outside of PowerShell
[2.012s] DEBUG:colcon.colcon_core.shell:Skip shell extension 'dsv' for command environment
[3.587s] INFO:colcon.colcon_core.task.python.build:Building Python package in '/home/sunrise/Robot/ros2_car/src/robot_chassis'
[3.590s] INFO:colcon.colcon_core.shell:Skip shell extension 'powershell' for command environment: Not usable outside of PowerShell
[3.590s] DEBUG:colcon.colcon_core.shell:Skip shell extension 'dsv' for command environment
[5.294s] INFO:colcon.colcon_core.task.python.build:Building Python package in '/home/sunrise/Robot/ros2_car/src/robot_navigation'
[5.296s] INFO:colcon.colcon_core.shell:Skip shell extension 'powershell' for command environment: Not usable outside of PowerShell
[5.296s] DEBUG:colcon.colcon_core.shell:Skip shell extension 'dsv' for command environment
[8.697s] DEBUG:colcon.colcon_core.task.python.build:Available setuptools commands: bdist_wheel, build_py, build_ext, easy_install, install_lib, egg_info, clean, bdist, symlink_data, install_egg_info, isort, update_catalog, bdist_rpm, develop, saveopts, install_headers, build, sdist, extract_messages, build_clib, install_scripts, compile_catalog, check, build_scripts, bdist_egg, dist_info, rotate, setopt, editable_wheel, install_data, install, alias, bdist_dumb, init_catalog
[8.744s] DEBUG:colcon.colcon_core.task.python.build:Available setuptools commands: bdist_wheel, build_py, build_ext, easy_install, install_lib, egg_info, clean, bdist, symlink_data, install_egg_info, isort, update_catalog, bdist_rpm, develop, saveopts, install_headers, build, sdist, extract_messages, build_clib, install_scripts, compile_catalog, check, build_scripts, bdist_egg, dist_info, rotate, setopt, editable_wheel, install_data, install, alias, bdist_dumb, init_catalog
[10.228s] DEBUG:colcon.colcon_core.task.python.build:Available setuptools 'develop' options: --install-dir, --prefix, --index-url, --verbose, --no-deps, --quiet, --help, --dry-run, --no-user-cfg, --user
[10.229s] INFO:colcon.colcon_core.task.python.build:No '--editable' capability in setuptools, falling back to full install
[10.242s] DEBUG:colcon.colcon_core.event_handler.log_command:Invoking command in '/home/sunrise/Robot/ros2_car/src/robot_chassis': PYTHONPATH=/home/sunrise/Robot/ros2_car/build/robot_chassis/prefix_override:/usr/lib/python3/dist-packages/colcon_core/task/python/colcon_distutils_commands:/home/sunrise/Robot/ros2_car/install/robot_chassis/lib/python3.10/site-packages:${PYTHONPATH} /usr/bin/python3 -W ignore:setup.py install is deprecated -W ignore:easy_install command is deprecated setup.py egg_info --egg-base ../../build/robot_chassis build --build-base /home/sunrise/Robot/ros2_car/build/robot_chassis/build install --record /home/sunrise/Robot/ros2_car/build/robot_chassis/install.log --install-scripts $base/lib/robot_chassis --single-version-externally-managed install_data
[10.306s] DEBUG:colcon.colcon_core.task.python.build:Available setuptools 'develop' options: --install-dir, --prefix, --index-url, --verbose, --no-deps, --quiet, --help, --dry-run, --no-user-cfg, --user
[10.307s] INFO:colcon.colcon_core.task.python.build:No '--editable' capability in setuptools, falling back to full install
[10.320s] DEBUG:colcon.colcon_core.event_handler.log_command:Invoking command in '/home/sunrise/Robot/ros2_car/src/robot_navigation': PYTHONPATH=/home/sunrise/Robot/ros2_car/build/robot_navigation/prefix_override:/usr/lib/python3/dist-packages/colcon_core/task/python/colcon_distutils_commands:/home/sunrise/Robot/ros2_car/install/robot_navigation/lib/python3.10/site-packages:${PYTHONPATH} /usr/bin/python3 -W ignore:setup.py install is deprecated -W ignore:easy_install command is deprecated setup.py egg_info --egg-base ../../build/robot_navigation build --build-base /home/sunrise/Robot/ros2_car/build/robot_navigation/build install --record /home/sunrise/Robot/ros2_car/build/robot_navigation/install.log --install-scripts $base/lib/robot_navigation --single-version-externally-managed install_data
[12.967s] DEBUG:colcon.colcon_core.event_handler.log_command:Invoked command in '/home/sunrise/Robot/ros2_car/src/robot_chassis' returned '0': PYTHONPATH=/home/sunrise/Robot/ros2_car/build/robot_chassis/prefix_override:/usr/lib/python3/dist-packages/colcon_core/task/python/colcon_distutils_commands:/home/sunrise/Robot/ros2_car/install/robot_chassis/lib/python3.10/site-packages:${PYTHONPATH} /usr/bin/python3 -W ignore:setup.py install is deprecated -W ignore:easy_install command is deprecated setup.py egg_info --egg-base ../../build/robot_chassis build --build-base /home/sunrise/Robot/ros2_car/build/robot_chassis/build install --record /home/sunrise/Robot/ros2_car/build/robot_chassis/install.log --install-scripts $base/lib/robot_chassis --single-version-externally-managed install_data
[12.987s] Level 1:colcon.colcon_core.environment:checking '/home/sunrise/Robot/ros2_car/install/robot_chassis' for CMake module files
[12.990s] Level 1:colcon.colcon_core.environment:checking '/home/sunrise/Robot/ros2_car/install/robot_chassis' for CMake config files
[12.994s] Level 1:colcon.colcon_core.environment:checking '/home/sunrise/Robot/ros2_car/install/robot_chassis/lib'
[12.996s] Level 1:colcon.colcon_core.environment:checking '/home/sunrise/Robot/ros2_car/install/robot_chassis/bin'
[12.997s] Level 1:colcon.colcon_core.environment:checking '/home/sunrise/Robot/ros2_car/install/robot_chassis/lib/pkgconfig/robot_chassis.pc'
[12.999s] Level 1:colcon.colcon_core.environment:checking '/home/sunrise/Robot/ros2_car/install/robot_chassis/lib/python3.10/site-packages'
[13.001s] Level 1:colcon.colcon_core.shell:create_environment_hook('robot_chassis', 'pythonpath')
[13.003s] INFO:colcon.colcon_core.shell:Creating environment hook '/home/sunrise/Robot/ros2_car/install/robot_chassis/share/robot_chassis/hook/pythonpath.ps1'
[13.007s] INFO:colcon.colcon_core.shell:Creating environment descriptor '/home/sunrise/Robot/ros2_car/install/robot_chassis/share/robot_chassis/hook/pythonpath.dsv'
[13.009s] INFO:colcon.colcon_core.shell:Creating environment hook '/home/sunrise/Robot/ros2_car/install/robot_chassis/share/robot_chassis/hook/pythonpath.sh'
[13.016s] Level 1:colcon.colcon_core.environment:checking '/home/sunrise/Robot/ros2_car/install/robot_chassis/bin'
[13.017s] Level 1:colcon.colcon_core.environment:create_environment_scripts_only(robot_chassis)
[13.021s] INFO:colcon.colcon_core.shell:Creating package script '/home/sunrise/Robot/ros2_car/install/robot_chassis/share/robot_chassis/package.ps1'
[13.030s] INFO:colcon.colcon_core.shell:Creating package descriptor '/home/sunrise/Robot/ros2_car/install/robot_chassis/share/robot_chassis/package.dsv'
[13.037s] INFO:colcon.colcon_core.shell:Creating package script '/home/sunrise/Robot/ros2_car/install/robot_chassis/share/robot_chassis/package.sh'
[13.043s] INFO:colcon.colcon_core.shell:Creating package script '/home/sunrise/Robot/ros2_car/install/robot_chassis/share/robot_chassis/package.bash'
[13.051s] INFO:colcon.colcon_core.shell:Creating package script '/home/sunrise/Robot/ros2_car/install/robot_chassis/share/robot_chassis/package.zsh'
[13.056s] Level 1:colcon.colcon_core.environment:create_file_with_runtime_dependencies(/home/sunrise/Robot/ros2_car/install/robot_chassis/share/colcon-core/packages/robot_chassis)
[13.066s] Level 1:colcon.colcon_core.environment:checking '/home/sunrise/Robot/ros2_car/install/robot_navigation' for CMake module files
[13.072s] DEBUG:colcon.colcon_core.event_handler.log_command:Invoked command in '/home/sunrise/Robot/ros2_car/src/robot_navigation' returned '0': PYTHONPATH=/home/sunrise/Robot/ros2_car/build/robot_navigation/prefix_override:/usr/lib/python3/dist-packages/colcon_core/task/python/colcon_distutils_commands:/home/sunrise/Robot/ros2_car/install/robot_navigation/lib/python3.10/site-packages:${PYTHONPATH} /usr/bin/python3 -W ignore:setup.py install is deprecated -W ignore:easy_install command is deprecated setup.py egg_info --egg-base ../../build/robot_navigation build --build-base /home/sunrise/Robot/ros2_car/build/robot_navigation/build install --record /home/sunrise/Robot/ros2_car/build/robot_navigation/install.log --install-scripts $base/lib/robot_navigation --single-version-externally-managed install_data
[13.073s] Level 1:colcon.colcon_core.environment:checking '/home/sunrise/Robot/ros2_car/install/robot_navigation' for CMake config files
[13.077s] Level 1:colcon.colcon_core.environment:checking '/home/sunrise/Robot/ros2_car/install/robot_navigation/lib'
[13.078s] Level 1:colcon.colcon_core.environment:checking '/home/sunrise/Robot/ros2_car/install/robot_navigation/bin'
[13.079s] Level 1:colcon.colcon_core.environment:checking '/home/sunrise/Robot/ros2_car/install/robot_navigation/lib/pkgconfig/robot_navigation.pc'
[13.081s] Level 1:colcon.colcon_core.environment:checking '/home/sunrise/Robot/ros2_car/install/robot_navigation/lib/python3.10/site-packages'
[13.082s] Level 1:colcon.colcon_core.shell:create_environment_hook('robot_navigation', 'pythonpath')
[13.084s] INFO:colcon.colcon_core.shell:Creating environment hook '/home/sunrise/Robot/ros2_car/install/robot_navigation/share/robot_navigation/hook/pythonpath.ps1'
[13.086s] INFO:colcon.colcon_core.shell:Creating environment descriptor '/home/sunrise/Robot/ros2_car/install/robot_navigation/share/robot_navigation/hook/pythonpath.dsv'
[13.089s] INFO:colcon.colcon_core.shell:Creating environment hook '/home/sunrise/Robot/ros2_car/install/robot_navigation/share/robot_navigation/hook/pythonpath.sh'
[13.093s] Level 1:colcon.colcon_core.environment:checking '/home/sunrise/Robot/ros2_car/install/robot_navigation/bin'
[13.094s] Level 1:colcon.colcon_core.environment:create_environment_scripts_only(robot_navigation)
[13.096s] INFO:colcon.colcon_core.shell:Creating package script '/home/sunrise/Robot/ros2_car/install/robot_navigation/share/robot_navigation/package.ps1'
[13.100s] INFO:colcon.colcon_core.shell:Creating package descriptor '/home/sunrise/Robot/ros2_car/install/robot_navigation/share/robot_navigation/package.dsv'
[13.104s] INFO:colcon.colcon_core.shell:Creating package script '/home/sunrise/Robot/ros2_car/install/robot_navigation/share/robot_navigation/package.sh'
[13.107s] INFO:colcon.colcon_core.shell:Creating package script '/home/sunrise/Robot/ros2_car/install/robot_navigation/share/robot_navigation/package.bash'
[13.110s] INFO:colcon.colcon_core.shell:Creating package script '/home/sunrise/Robot/ros2_car/install/robot_navigation/share/robot_navigation/package.zsh'
[13.112s] Level 1:colcon.colcon_core.environment:create_file_with_runtime_dependencies(/home/sunrise/Robot/ros2_car/install/robot_navigation/share/colcon-core/packages/robot_navigation)
[13.115s] INFO:colcon.colcon_ros.task.ament_python.build:Building ROS package in '/home/sunrise/Robot/ros2_car/src/robot_bringup' with build type 'ament_python'
[13.116s] Level 1:colcon.colcon_core.shell:create_environment_hook('robot_bringup', 'ament_prefix_path')
[13.119s] INFO:colcon.colcon_core.shell:Creating environment hook '/home/sunrise/Robot/ros2_car/install/robot_bringup/share/robot_bringup/hook/ament_prefix_path.ps1'
[13.127s] INFO:colcon.colcon_core.shell:Creating environment descriptor '/home/sunrise/Robot/ros2_car/install/robot_bringup/share/robot_bringup/hook/ament_prefix_path.dsv'
[13.131s] INFO:colcon.colcon_core.shell:Creating environment hook '/home/sunrise/Robot/ros2_car/install/robot_bringup/share/robot_bringup/hook/ament_prefix_path.sh'
[13.135s] INFO:colcon.colcon_core.shell:Skip shell extension 'powershell' for command environment: Not usable outside of PowerShell
[13.136s] DEBUG:colcon.colcon_core.shell:Skip shell extension 'dsv' for command environment
[15.092s] INFO:colcon.colcon_core.task.python.build:Building Python package in '/home/sunrise/Robot/ros2_car/src/robot_bringup'
[15.094s] INFO:colcon.colcon_core.shell:Skip shell extension 'powershell' for command environment: Not usable outside of PowerShell
[15.095s] DEBUG:colcon.colcon_core.shell:Skip shell extension 'dsv' for command environment
[17.945s] DEBUG:colcon.colcon_core.task.python.build:Available setuptools commands: bdist_wheel, build_py, build_ext, easy_install, install_lib, egg_info, clean, bdist, symlink_data, install_egg_info, isort, update_catalog, bdist_rpm, develop, saveopts, install_headers, build, sdist, extract_messages, build_clib, install_scripts, compile_catalog, check, build_scripts, bdist_egg, dist_info, rotate, setopt, editable_wheel, install_data, install, alias, bdist_dumb, init_catalog
[19.336s] DEBUG:colcon.colcon_core.task.python.build:Available setuptools 'develop' options: --install-dir, --prefix, --index-url, --verbose, --no-deps, --quiet, --help, --dry-run, --no-user-cfg, --user
[19.337s] INFO:colcon.colcon_core.task.python.build:No '--editable' capability in setuptools, falling back to full install
[19.358s] DEBUG:colcon.colcon_core.event_handler.log_command:Invoking command in '/home/sunrise/Robot/ros2_car/src/robot_bringup': AMENT_PREFIX_PATH=/home/sunrise/Robot/ros2_car/install/robot_navigation:/home/sunrise/Robot/ros2_car/install/robot_chassis:${AMENT_PREFIX_PATH} PYTHONPATH=/home/sunrise/Robot/ros2_car/build/robot_bringup/prefix_override:/usr/lib/python3/dist-packages/colcon_core/task/python/colcon_distutils_commands:/home/sunrise/Robot/ros2_car/install/robot_bringup/lib/python3.10/site-packages:${PYTHONPATH} /usr/bin/python3 -W ignore:setup.py install is deprecated -W ignore:easy_install command is deprecated setup.py egg_info --egg-base ../../build/robot_bringup build --build-base /home/sunrise/Robot/ros2_car/build/robot_bringup/build install --record /home/sunrise/Robot/ros2_car/build/robot_bringup/install.log --install-scripts $base/lib/robot_bringup --single-version-externally-managed install_data
[21.834s] Level 1:colcon.colcon_core.environment:checking '/home/sunrise/Robot/ros2_car/install/robot_bringup' for CMake module files
[21.843s] DEBUG:colcon.colcon_core.event_handler.log_command:Invoked command in '/home/sunrise/Robot/ros2_car/src/robot_bringup' returned '0': AMENT_PREFIX_PATH=/home/sunrise/Robot/ros2_car/install/robot_navigation:/home/sunrise/Robot/ros2_car/install/robot_chassis:${AMENT_PREFIX_PATH} PYTHONPATH=/home/sunrise/Robot/ros2_car/build/robot_bringup/prefix_override:/usr/lib/python3/dist-packages/colcon_core/task/python/colcon_distutils_commands:/home/sunrise/Robot/ros2_car/install/robot_bringup/lib/python3.10/site-packages:${PYTHONPATH} /usr/bin/python3 -W ignore:setup.py install is deprecated -W ignore:easy_install command is deprecated setup.py egg_info --egg-base ../../build/robot_bringup build --build-base /home/sunrise/Robot/ros2_car/build/robot_bringup/build install --record /home/sunrise/Robot/ros2_car/build/robot_bringup/install.log --install-scripts $base/lib/robot_bringup --single-version-externally-managed install_data
[21.849s] Level 1:colcon.colcon_core.environment:checking '/home/sunrise/Robot/ros2_car/install/robot_bringup' for CMake config files
[21.860s] Level 1:colcon.colcon_core.environment:checking '/home/sunrise/Robot/ros2_car/install/robot_bringup/lib'
[21.862s] Level 1:colcon.colcon_core.environment:checking '/home/sunrise/Robot/ros2_car/install/robot_bringup/bin'
[21.863s] Level 1:colcon.colcon_core.environment:checking '/home/sunrise/Robot/ros2_car/install/robot_bringup/lib/pkgconfig/robot_bringup.pc'
[21.868s] Level 1:colcon.colcon_core.environment:checking '/home/sunrise/Robot/ros2_car/install/robot_bringup/lib/python3.10/site-packages'
[21.869s] Level 1:colcon.colcon_core.shell:create_environment_hook('robot_bringup', 'pythonpath')
[21.875s] INFO:colcon.colcon_core.shell:Creating environment hook '/home/sunrise/Robot/ros2_car/install/robot_bringup/share/robot_bringup/hook/pythonpath.ps1'
[21.880s] INFO:colcon.colcon_core.shell:Creating environment descriptor '/home/sunrise/Robot/ros2_car/install/robot_bringup/share/robot_bringup/hook/pythonpath.dsv'
[21.884s] INFO:colcon.colcon_core.shell:Creating environment hook '/home/sunrise/Robot/ros2_car/install/robot_bringup/share/robot_bringup/hook/pythonpath.sh'
[21.892s] Level 1:colcon.colcon_core.environment:checking '/home/sunrise/Robot/ros2_car/install/robot_bringup/bin'
[21.893s] Level 1:colcon.colcon_core.environment:create_environment_scripts_only(robot_bringup)
[21.897s] INFO:colcon.colcon_core.shell:Creating package script '/home/sunrise/Robot/ros2_car/install/robot_bringup/share/robot_bringup/package.ps1'
[21.904s] INFO:colcon.colcon_core.shell:Creating package descriptor '/home/sunrise/Robot/ros2_car/install/robot_bringup/share/robot_bringup/package.dsv'
[21.909s] INFO:colcon.colcon_core.shell:Creating package script '/home/sunrise/Robot/ros2_car/install/robot_bringup/share/robot_bringup/package.sh'
[21.911s] INFO:colcon.colcon_core.shell:Creating package script '/home/sunrise/Robot/ros2_car/install/robot_bringup/share/robot_bringup/package.bash'
[21.913s] INFO:colcon.colcon_core.shell:Creating package script '/home/sunrise/Robot/ros2_car/install/robot_bringup/share/robot_bringup/package.zsh'
[21.915s] Level 1:colcon.colcon_core.environment:create_file_with_runtime_dependencies(/home/sunrise/Robot/ros2_car/install/robot_bringup/share/colcon-core/packages/robot_bringup)
[21.917s] DEBUG:colcon.colcon_parallel_executor.executor.parallel:closing loop
[21.918s] DEBUG:colcon.colcon_parallel_executor.executor.parallel:loop closed
[21.919s] DEBUG:colcon.colcon_parallel_executor.executor.parallel:run_until_complete finished with '0'
[21.920s] DEBUG:colcon.colcon_core.event_reactor:joining thread
[21.922s] DEBUG:colcon.colcon_core.event_reactor:joined thread
[21.925s] INFO:colcon.colcon_core.shell:Creating prefix script '/home/sunrise/Robot/ros2_car/install/local_setup.ps1'
[21.936s] INFO:colcon.colcon_core.shell:Creating prefix util module '/home/sunrise/Robot/ros2_car/install/_local_setup_util_ps1.py'
[21.953s] INFO:colcon.colcon_core.shell:Creating prefix chain script '/home/sunrise/Robot/ros2_car/install/setup.ps1'
[21.961s] INFO:colcon.colcon_core.shell:Creating prefix script '/home/sunrise/Robot/ros2_car/install/local_setup.sh'
[21.965s] INFO:colcon.colcon_core.shell:Creating prefix util module '/home/sunrise/Robot/ros2_car/install/_local_setup_util_sh.py'
[21.968s] INFO:colcon.colcon_core.shell:Creating prefix chain script '/home/sunrise/Robot/ros2_car/install/setup.sh'
[21.977s] INFO:colcon.colcon_core.shell:Creating prefix script '/home/sunrise/Robot/ros2_car/install/local_setup.bash'
[21.980s] INFO:colcon.colcon_core.shell:Creating prefix chain script '/home/sunrise/Robot/ros2_car/install/setup.bash'
[21.988s] INFO:colcon.colcon_core.shell:Creating prefix script '/home/sunrise/Robot/ros2_car/install/local_setup.zsh'
[21.991s] INFO:colcon.colcon_core.shell:Creating prefix chain script '/home/sunrise/Robot/ros2_car/install/setup.zsh'
